// Jest Snapshot v1, https://goo.gl/fbAQLP

exports[`matches snapshot 1`] = `
<div
  className="hero-component_container"
  data-testid="hero-component_container"
>
  <h6
    className="hero-component_message"
    data-testid="hero-component_message"
  >
    Carlos
    <span>
      a.k.a carloseduardoe
    </span>
  </h6>
</div>
`;
